
========================================
📋 SAYFA DÜZENİ GÜNCELLENDİ
⏰ Zaman: 2025-11-28T11:15:43.786Z
========================================
Widget Sayısı: 9

Widget Listesi:

1. Widget:
   Tip: flash-news
   Config: {
     "id": "flash-news",
     "speed": 30,
     "pauseDelay": 3000,
     "duplicateCount": 2,
     "source": "latest"
   }

2. Widget:
   Tip: hero-title
   Config: {
     "title": "Son Dakika Haberleri"
   }

3. Widget:
   Tip: carousel
   Config: {
     "source": "manual",
     "id": "home-hero",
     "maxArticles": 5,
     "autoPlay": true,
     "autoPlayDelay": 5000
   }

4. Widget:
   Tip: featured-news-grid
   Config: {
     "title": "Öne Çıkan Haberler",
     "source": "featured"
   }

5. Widget:
   Tip: category-feed
   Config: {
     "category": "Gündem",
     "slug": "gundem"
   }

6. Widget:
   Tip: category-feed
   Config: {
     "category": "Ekonomi",
     "slug": "ekonomi"
   }

7. Widget:
   Tip: category-feed
   Config: {
     "category": "Spor",
     "slug": "spor"
   }

8. Widget:
   Tip: four-article-band
   Config: {
     "title": "Öne Çıkanlar",
     "target": "four-article-band",
     "limit": 4
   }

9. Widget:
   Tip: ad-placeholder
   Config: {
     "slot": "home-mid",
     "label": "Reklam Alanı",
     "size": "728x90"
   }

========================================


========================================
📋 SAYFA DÜZENİ GÜNCELLENDİ
⏰ Zaman: 2025-11-28T11:22:22.346Z
========================================
Widget Sayısı: 10

Widget Listesi:

1. Widget:
   Tip: flash-news
   Config: {
     "id": "flash-news",
     "speed": 30,
     "pauseDelay": 3000,
     "duplicateCount": 2,
     "source": "latest"
   }

2. Widget:
   Tip: hero-title
   Config: {
     "title": "Son Dakika Haberleri"
   }

3. Widget:
   Tip: carousel
   Config: {
     "source": "manual",
     "id": "home-hero",
     "maxArticles": 5,
     "autoPlay": true,
     "autoPlayDelay": 5000
   }

4. Widget:
   Tip: featured-news-grid
   Config: {
     "title": "Öne Çıkan Haberler",
     "source": "featured"
   }

5. Widget:
   Tip: category-feed
   Config: {
     "category": "Gündem",
     "slug": "gundem"
   }

6. Widget:
   Tip: category-feed
   Config: {
     "category": "Ekonomi",
     "slug": "ekonomi"
   }

7. Widget:
   Tip: category-feed
   Config: {
     "category": "Spor",
     "slug": "spor"
   }

8. Widget:
   Tip: four-article-band
   Config: {
     "title": "Öne Çıkanlar",
     "target": "four-article-band",
     "limit": 4
   }

9. Widget:
   Tip: ad-placeholder
   Config: {
     "slot": "home-mid",
     "label": "Reklam Alanı",
     "size": "728x90"
   }

10. Widget:
   Tip: four-article-band
   Config: {
     "title": "Öne Çıkanlar",
     "target": "editorfour",
     "limit": 4
   }

========================================


========================================
📋 SAYFA DÜZENİ GÜNCELLENDİ
⏰ Zaman: 2025-11-28T17:29:07.655Z
========================================
Widget Sayısı: 8

Widget Listesi:

1. Widget:
   Tip: hero-title
   Config: {
     "title": "Son Dakika Haberleri"
   }

2. Widget:
   Tip: flash-news
   Config: {
     "id": "flash-news",
     "speed": 30,
     "pauseDelay": 3000,
     "duplicateCount": 2,
     "source": "latest"
   }

3. Widget:
   Tip: carousel
   Config: {
     "source": "manual",
     "id": "home-hero",
     "maxArticles": 5,
     "autoPlay": true,
     "autoPlayDelay": 5000
   }

4. Widget:
   Tip: featured-news-grid
   Config: {
     "title": "Öne Çıkan Haberler",
     "source": "featured"
   }

5. Widget:
   Tip: category-feed
   Config: {
     "category": "Gündem",
     "slug": "gundem"
   }

6. Widget:
   Tip: category-feed
   Config: {
     "category": "Ekonomi",
     "slug": "ekonomi"
   }

7. Widget:
   Tip: category-feed
   Config: {
     "category": "Spor",
     "slug": "spor"
   }

8. Widget:
   Tip: ad-placeholder
   Config: {
     "slot": "home-mid",
     "label": "Reklam Alanı",
     "size": "728x90"
   }

========================================

