
> uha-news-website@1.0.0 dev
> node scripts/kill-port.js && nodemon server/index.js

📌 Checking for processes on port 3000...
⚠️  Found 1 process(es) using port 3000, killing them...
   ✅ Killed process 25264
✅ Port 3000 is now free

[33m[nodemon] 3.1.10[39m
[33m[nodemon] to restart at any time, enter `rs`[39m
[33m[nodemon] watching path(s): *.*[39m
[33m[nodemon] watching extensions: js,mjs,cjs,json[39m
[32m[nodemon] starting `node server/index.js`[39m
🌐 Server configured to support both HTTP and HTTPS
   - HTTP requests: HTTPS security headers disabled
   - HTTPS requests: Full security headers enabled
📝 Loaded 21 slug mappings from cache
/home/onuralp/project/UHAWebSitesi/server/routes/cms.js:287
router.post('/branding', requirePermission('manage_settings'), (req, res, next) => {
       ^

ReferenceError: requirePermission is not defined
    at Object.<anonymous> (/home/onuralp/project/UHAWebSitesi/server/routes/cms.js:287:8)
    at Module._compile (node:internal/modules/cjs/loader:1706:14)
    at Object..js (node:internal/modules/cjs/loader:1839:10)
    at Module.load (node:internal/modules/cjs/loader:1441:32)
    at Function._load (node:internal/modules/cjs/loader:1263:12)
    at TracingChannel.traceSync (node:diagnostics_channel:322:14)
    at wrapModuleLoad (node:internal/modules/cjs/loader:237:24)
    at Module.require (node:internal/modules/cjs/loader:1463:12)
    at require (node:internal/modules/helpers:147:16)
    at Object.<anonymous> (/home/onuralp/project/UHAWebSitesi/server/index.js:287:38)

Node.js v22.20.0
[31m[nodemon] app crashed - waiting for file changes before starting...[39m
[32m[nodemon] restarting due to changes...[39m
[32m[nodemon] starting `node server/index.js`[39m
🌐 Server configured to support both HTTP and HTTPS
   - HTTP requests: HTTPS security headers disabled
   - HTTPS requests: Full security headers enabled
📝 Loaded 21 slug mappings from cache
/home/onuralp/project/UHAWebSitesi/server/routes/cms.js:287
router.post('/branding', requirePermission('manage_settings'), (req, res, next) => {
       ^

ReferenceError: requirePermission is not defined
    at Object.<anonymous> (/home/onuralp/project/UHAWebSitesi/server/routes/cms.js:287:8)
    at Module._compile (node:internal/modules/cjs/loader:1706:14)
    at Object..js (node:internal/modules/cjs/loader:1839:10)
    at Module.load (node:internal/modules/cjs/loader:1441:32)
    at Function._load (node:internal/modules/cjs/loader:1263:12)
    at TracingChannel.traceSync (node:diagnostics_channel:322:14)
    at wrapModuleLoad (node:internal/modules/cjs/loader:237:24)
    at Module.require (node:internal/modules/cjs/loader:1463:12)
    at require (node:internal/modules/helpers:147:16)
    at Object.<anonymous> (/home/onuralp/project/UHAWebSitesi/server/index.js:287:38)

Node.js v22.20.0
[31m[nodemon] app crashed - waiting for file changes before starting...[39m
[32m[nodemon] restarting due to changes...[39m
[32m[nodemon] starting `node server/index.js`[39m
🌐 Server configured to support both HTTP and HTTPS
   - HTTP requests: HTTPS security headers disabled
   - HTTPS requests: Full security headers enabled
📝 Loaded 21 slug mappings from cache
/home/onuralp/project/UHAWebSitesi/server/routes/cms.js:287
router.post('/branding', requirePermission('manage_settings'), (req, res, next) => {
       ^

ReferenceError: requirePermission is not defined
    at Object.<anonymous> (/home/onuralp/project/UHAWebSitesi/server/routes/cms.js:287:8)
    at Module._compile (node:internal/modules/cjs/loader:1706:14)
    at Object..js (node:internal/modules/cjs/loader:1839:10)
    at Module.load (node:internal/modules/cjs/loader:1441:32)
    at Function._load (node:internal/modules/cjs/loader:1263:12)
    at TracingChannel.traceSync (node:diagnostics_channel:322:14)
    at wrapModuleLoad (node:internal/modules/cjs/loader:237:24)
    at Module.require (node:internal/modules/cjs/loader:1463:12)
    at require (node:internal/modules/helpers:147:16)
    at Object.<anonymous> (/home/onuralp/project/UHAWebSitesi/server/index.js:287:38)

Node.js v22.20.0
[31m[nodemon] app crashed - waiting for file changes before starting...[39m
