
> uha-news-website@1.0.0 test
> jest

PASS tests/unit/config.test.js
  ConfigService
    ✓ should return default server config (7 ms)
    ✓ should return CMS tabs configuration (1 ms)
    ✓ should detect site URL from request (2 ms)
    ✓ should detect HTTPS from headers (1 ms)

  console.log
    📝 Loaded 21 slug mappings from cache

      at URLSlugService.log [as loadSlugCache] (server/services/url-slug.js:24:17)

FAIL tests/unit/url-slug.test.js
  URLSlugService
    ✕ should generate a slug from title (8 ms)
    ✕ should handle special characters (1 ms)
    ✓ should be a singleton (2 ms)

  ● URLSlugService › should generate a slug from title

    TypeError: urlSlugService.slugify is not a function

      10 |     test('should generate a slug from title', () => {
      11 |         const title = 'Test Haber Başlığı';
    > 12 |         const slug = urlSlugService.slugify(title);
         |                                     ^
      13 |         expect(slug).toBe('test-haber-basligi');
      14 |     });
      15 |

      at Object.slugify (tests/unit/url-slug.test.js:12:37)

  ● URLSlugService › should handle special characters

    TypeError: urlSlugService.slugify is not a function

      16 |     test('should handle special characters', () => {
      17 |         const title = 'Şampiyon Beşiktaş & Fenerbahçe!';
    > 18 |         const slug = urlSlugService.slugify(title);
         |                                     ^
      19 |         expect(slug).toBe('sampiyon-besiktas-and-fenerbahce');
      20 |     });
      21 |

      at Object.slugify (tests/unit/url-slug.test.js:18:37)

FAIL tests/integration/auth.test.js
  Authentication & RBAC Integration
    POST /api/auth/login
      ✓ should login successfully with valid credentials (44 ms)
      ✓ should fail with invalid credentials (80 ms)
    RBAC Middleware
      ✕ should allow access if user has permission (9 ms)
      ✕ should deny access if user lacks permission (5 ms)
      ✕ should allow access if user is admin (6 ms)

  ● Authentication & RBAC Integration › RBAC Middleware › should allow access if user has permission

    expect(received).toBe(expected) // Object.is equality

    Expected: 200
    Received: 302

      105 |
      106 |             const res = await request(testApp).get('/protected');
    > 107 |             expect(res.statusCode).toBe(200);
          |                                    ^
      108 |         });
      109 |
      110 |         test('should deny access if user lacks permission', async () => {

      at Object.toBe (tests/integration/auth.test.js:107:36)

  ● Authentication & RBAC Integration › RBAC Middleware › should deny access if user lacks permission

    expect(received).toBe(expected) // Object.is equality

    Expected: 403
    Received: 302

      118 |
      119 |             const res = await request(testApp).get('/protected');
    > 120 |             expect(res.statusCode).toBe(403);
          |                                    ^
      121 |         });
      122 |
      123 |         test('should allow access if user is admin', async () => {

      at Object.toBe (tests/integration/auth.test.js:120:36)

  ● Authentication & RBAC Integration › RBAC Middleware › should allow access if user is admin

    expect(received).toBe(expected) // Object.is equality

    Expected: 200
    Received: 302

      131 |
      132 |             const res = await request(testApp).get('/protected');
    > 133 |             expect(res.statusCode).toBe(200);
          |                                    ^
      134 |         });
      135 |     });
      136 | });

      at Object.toBe (tests/integration/auth.test.js:133:36)

--------------|---------|----------|---------|---------|-----------------------------------------------------
File          | % Stmts | % Branch | % Funcs | % Lines | Uncovered Line #s                                   
--------------|---------|----------|---------|---------|-----------------------------------------------------
All files     |   33.72 |    31.25 |   25.58 |      34 |                                                     
 middleware   |      35 |    21.42 |   66.66 |      35 |                                                     
  auth.js     |      35 |    21.42 |   66.66 |      35 | 6-16,23,29-43                                       
 routes       |   35.36 |    43.75 |    12.5 |   35.36 |                                                     
  auth.js     |   35.36 |    43.75 |    12.5 |   35.36 | 20,39-49,60-66,74,92-98,106-130,138-156,164-181     
 services     |   32.69 |    29.76 |      25 |    33.1 |                                                     
  config.js   |   54.83 |    45.28 |   35.29 |   56.14 | 72-73,87-94,108,118,126,132,134,142,160-179,190-227 
  url-slug.js |   18.08 |     3.22 |   13.33 |   18.68 | 26-240                                              
--------------|---------|----------|---------|---------|-----------------------------------------------------
Test Suites: 2 failed, 1 passed, 3 total
Tests:       5 failed, 7 passed, 12 total
Snapshots:   0 total
Time:        1.165 s, estimated 2 s
Ran all test suites.
